// Jest Snapshot v1, https://goo.gl/fbAQLP

exports[`App renders component correctly 1`] = `
<div>
  <div>
    <a
      className="sc-bdVaJa gRwgNw"
      href="/latest"
      onClick={[Function]}
      style={undefined}
    >
      latest
    </a>
    <a
      className="sc-bdVaJa gRwgNw"
      href="/trending"
      onClick={[Function]}
      style={undefined}
    >
      trending
    </a>
    <a
      className="sc-bdVaJa gRwgNw"
      href="/top"
      onClick={[Function]}
      style={undefined}
    >
      top
    </a>
  </div>
</div>
`;
