// Jest Snapshot v1, https://goo.gl/fbAQLP

exports[`Header renders correctly 1`] = `
<styled.header>
  <styled.div>
    <styled.nav>
      <styled.ul>
        <styled.li>
          <Styled(NavLink)
            exact={true}
            to="/"
          >
            Popular
          </Styled(NavLink)>
        </styled.li>
        <styled.li>
          <Styled(NavLink)
            to="/latest"
          >
            Latest
          </Styled(NavLink)>
        </styled.li>
        <styled.li>
          <Styled(NavLink)
            to="/favourite"
          >
            Favourite
          </Styled(NavLink)>
        </styled.li>
      </styled.ul>
    </styled.nav>
  </styled.div>
</styled.header>
`;
