// Jest Snapshot v1, https://goo.gl/fbAQLP

exports[`Header renders correctly 1`] = `
<styled.header>
  <styled.div>
    <styled.nav>
      <styled.ul>
        <styled.li>
          <Styled(NavLink)
            exact={true}
            to="/"
          >
            latest
          </Styled(NavLink)>
        </styled.li>
        <styled.li>
          <Styled(NavLink)
            to="/trending"
          >
            trending
          </Styled(NavLink)>
        </styled.li>
        <styled.li>
          <Styled(NavLink)
            to="/top"
          >
            top
          </Styled(NavLink)>
        </styled.li>
      </styled.ul>
    </styled.nav>
  </styled.div>
</styled.header>
`;
